C51 COMPILER V9.60.0.0   MAIN                                                              06/29/2022 08:29:23 PAGE 1   


C51 COMPILER V9.60.0.0, COMPILATION OF MODULE MAIN
OBJECT MODULE PLACED IN main.obj
COMPILER INVOKED BY: C:\Keil_v5\C51\BIN\C51.EXE User\main.c OPTIMIZE(8,SPEED) BROWSE INCDIR(.\App;.\Public) DEBUG OBJECT
                    -EXTEND PRINT(.\main.lst) OBJECT(main.obj)

line level    source

   1          /********************************************************************
   2          ******************
   3          实验名称：I2C-EEPROM 实验
   4          接线说明：
   5          实验现象：下载程序后，数码管右4 位显示0，按K1 键将数据写入到EEPROM 内保存，
   6          按K2 键读取EEPROM 内保存的数据，按K3 键显示数据加1，按K4 键显示数据清
   7          零，
   8          最大能写入的数据是255。
   9          注意事项：
  10          *********************************************************************
  11          ******************/
  12          
  13          #include "public.h"
  14          #include "ds18b20.h"
  15          #include "smg.h"
  16          
  17          gsmg_code[17] = {0x3f, 0x06, 0x5b, 0x4f, 0x66, 0x6d, 0x7d, 0x07,
*** WARNING C231 IN LINE 17 OF User\main.c: 'gsmg_code': redefinition
  18                                     0x7f, 0x6f, 0x77, 0x7c, 0x39, 0x5e, 0x79, 0x71};
  19          void main()
  20          {
  21   1          
  22   1      //    u8 ack = ds18b20_init();
  23   1      //    
  24   1      //    if (ack == 1)
  25   1      //    {
  26   1      //        P2_0 = 1;
  27   1      //    }
  28   1      //    else
  29   1      //    {
  30   1      //        P2_0 = 0;
  31   1      //    }
  32   1      //    
  33   1      //    while (1);
  34   1          u8 i = 0;
  35   1          int temp_value;
  36   1          u8 temp_buf[5];
  37   1          
  38   1          ds18b20_init();
  39   1          
  40   1          while (1)
  41   1          {
  42   2              i++;
  43   2              if (i % 50 == 0)
  44   2                  temp_value = ds18b20_read_temperture()*10;
  45   2              
  46   2              if (temp_value < 0)
  47   2              {
  48   3                  temp_value = -temp_value;
  49   3                  temp_buf[0] = 0x40;
  50   3              }
  51   2              else
  52   2              {
  53   3                  temp_buf[0] = 0x00;
C51 COMPILER V9.60.0.0   MAIN                                                              06/29/2022 08:29:23 PAGE 2   

  54   3              }
  55   2              
  56   2              temp_buf[1]=gsmg_code[temp_value/1000];//百位
  57   2              temp_buf[2]=gsmg_code[temp_value%1000/100];//十位
  58   2              temp_buf[3]=gsmg_code[temp_value%1000%100/10]|0x80;//个位+小数点
  59   2              temp_buf[4]=gsmg_code[temp_value%1000%100%10];//小数点后一位
  60   2              smg_display(temp_buf,4);
  61   2          }
  62   1      }


MODULE INFORMATION:   STATIC OVERLAYABLE
   CODE SIZE        =    196    ----
   CONSTANT SIZE    =   ----    ----
   XDATA SIZE       =   ----    ----
   PDATA SIZE       =   ----    ----
   DATA SIZE        =     34       8
   IDATA SIZE       =   ----    ----
   BIT SIZE         =   ----    ----
END OF MODULE INFORMATION.


C51 COMPILATION COMPLETE.  1 WARNING(S),  0 ERROR(S)
